\BOOKMARK [1][-]{section.1}{\376\377\000I\000n\000t\000r\000o\000d\000u\000c\000c\000i\000\363\000n}{}% 1
\BOOKMARK [1][-]{section.2}{\376\377\000M\000o\000d\000e\000l\000a\000d\000o\000\040\000e\000\040\000I\000d\000e\000n\000t\000i\000f\000i\000c\000a\000c\000i\000\363\000n\000\040\000d\000e\000l\000\040\000S\000i\000s\000t\000e\000m\000a}{}% 2
\BOOKMARK [2][-]{subsection.2.1}{\376\377\000M\000o\000d\000e\000l\000o\000\040\000f\000\355\000s\000i\000c\000o}{section.2}% 3
\BOOKMARK [2][-]{subsection.2.2}{\376\377\000I\000d\000e\000n\000t\000i\000f\000i\000c\000a\000c\000i\000\363\000n\000\040\000e\000x\000p\000e\000r\000i\000m\000e\000n\000t\000a\000l}{section.2}% 4
\BOOKMARK [2][-]{subsection.2.3}{\376\377\000V\000a\000l\000i\000d\000a\000c\000i\000\363\000n\000\040\000y\000\040\000s\000e\000l\000e\000c\000c\000i\000\363\000n\000\040\000d\000e\000l\000\040\000m\000o\000d\000e\000l\000o}{section.2}% 5
\BOOKMARK [1][-]{section.3}{\376\377\000D\000i\000s\000e\000\361\000o\000\040\000d\000e\000l\000\040\000c\000o\000n\000t\000r\000o\000l\000a\000d\000o\000r\000\040\000y\000\040\000e\000v\000a\000l\000u\000a\000c\000i\000\363\000n\000\040\000M\000I\000L}{}% 6
\BOOKMARK [2][-]{subsection.3.1}{\376\377\000D\000i\000s\000e\000\361\000o\000\040\000d\000e\000l\000\040\000c\000o\000n\000t\000r\000o\000l\000a\000d\000o\000r\000\040\000P\000I}{section.3}% 7
\BOOKMARK [2][-]{subsection.3.2}{\376\377\000E\000v\000a\000l\000u\000a\000c\000i\000\363\000n\000\040\000M\000o\000d\000e\000l\000-\000i\000n\000-\000t\000h\000e\000-\000L\000o\000o\000p\000\040\000\050\000M\000I\000L\000\051}{section.3}% 8
\BOOKMARK [1][-]{section.4}{\376\377\000G\000e\000n\000e\000r\000a\000c\000i\000\363\000n\000\040\000d\000e\000\040\000c\000\363\000d\000i\000g\000o\000\040\000y\000\040\000v\000e\000r\000i\000f\000i\000c\000a\000c\000i\000\363\000n\000\040\000d\000e\000\040\000s\000o\000f\000t\000w\000a\000r\000e}{}% 9
\BOOKMARK [2][-]{subsection.4.1}{\376\377\000I\000m\000p\000l\000e\000m\000e\000n\000t\000a\000c\000i\000\363\000n\000\040\000d\000e\000l\000\040\000c\000o\000n\000t\000r\000o\000l\000a\000d\000o\000r}{section.4}% 10
\BOOKMARK [2][-]{subsection.4.2}{\376\377\000I\000n\000s\000p\000e\000c\000c\000i\000\363\000n\000\040\000d\000e\000l\000\040\000c\000\363\000d\000i\000g\000o\000\040\000g\000e\000n\000e\000r\000a\000d\000o}{section.4}% 11
\BOOKMARK [2][-]{subsection.4.3}{\376\377\000V\000e\000r\000i\000f\000i\000c\000a\000c\000i\000\363\000n\000\040\000S\000o\000f\000t\000w\000a\000r\000e\000-\000i\000n\000-\000t\000h\000e\000-\000l\000o\000o\000p\000\040\000\050\000S\000I\000L\000\051}{section.4}% 12
\BOOKMARK [1][-]{section.5}{\376\377\000V\000e\000r\000i\000f\000i\000c\000a\000c\000i\000\363\000n\000\040\000P\000r\000o\000c\000e\000s\000s\000o\000r\000-\000i\000n\000-\000t\000h\000e\000-\000l\000o\000o\000p\000\040\000\050\000P\000I\000L\000\051}{}% 13
\BOOKMARK [1][-]{section.6}{\376\377\000I\000m\000p\000l\000e\000m\000e\000n\000t\000a\000c\000i\000\363\000n\000\040\000e\000x\000p\000e\000r\000i\000m\000e\000n\000t\000a\000l}{}% 14
\BOOKMARK [1][-]{section.7}{\376\377\000D\000i\000s\000c\000u\000s\000i\000\363\000n}{}% 15
\BOOKMARK [1][-]{section.8}{\376\377\000C\000o\000n\000c\000l\000u\000s\000i\000o\000n\000e\000s}{}% 16
\BOOKMARK [1][-]{section.9}{\376\377\000B\000i\000o\000g\000r\000a\000f\000\355\000a\000s\000\040\000d\000e\000\040\000l\000o\000s\000\040\000a\000u\000t\000o\000r\000e\000s}{}% 17
\BOOKMARK [1][-]{IEEEbiography.0}{\376\377\000B\000i\000o\000g\000r\000a\000p\000h\000i\000e\000s}{}% 18
\BOOKMARK [2][-]{IEEEbiography.1}{\376\377\000M\000a\000t\000\355\000a\000s\000\040\000A\000.\000\040\000C\000a\000m\000a\000c\000h\000o}{IEEEbiography.0}% 19
\BOOKMARK [2][-]{IEEEbiography.2}{\376\377\000J\000u\000a\000n\000\040\000P\000.\000\040\000E\000l\000i\000z\000o\000n\000d\000o}{IEEEbiography.0}% 20
